*** Using Compiler 'V5.06 update 6 (build 750)', folder: 'E:\keil\core\ARM\ARMCC\Bin'
Rebuild target 'RMc_adam_GeneralRobotSystemCode'
compiling gpio.c...
compiling crc.c...
compiling dma.c...
compiling i2c.c...
compiling can.c...
compiling main.c...
../Applications/Software/referee_handle_pack.h(595): warning:  #1295-D: Deprecated declaration Required_Data - give arg types
  void Required_Data();
../Applications/Software/referee_handle_pack.h(596): warning:  #1295-D: Deprecated declaration Cap_Required_Data - give arg types
  void Cap_Required_Data();
../Applications/Software/referee_handle_pack.h(597): warning:  #1-D: last line of file ends without a newline
  #endif
../Applications/Software/Global_status.h(71): warning:  #1295-D: Deprecated declaration Global_status_init - give arg types
  void Global_status_init();
../Src/main.c: 4 warnings, 0 errors
compiling freertos.c...
../Applications/Software/Global_status.h(71): warning:  #1295-D: Deprecated declaration Global_status_init - give arg types
  void Global_status_init();
../Applications/Software/referee_handle_pack.h(595): warning:  #1295-D: Deprecated declaration Required_Data - give arg types
  void Required_Data();
../Applications/Software/referee_handle_pack.h(596): warning:  #1295-D: Deprecated declaration Cap_Required_Data - give arg types
  void Cap_Required_Data();
../Applications/Software/referee_handle_pack.h(597): warning:  #1-D: last line of file ends without a newline
  #endif
../Src/freertos.c(447): warning:  #167-D: argument of type "char *" is incompatible with parameter of type "uint8_t *"
   VirCom_send(matlab,len);
../Src/freertos.c(412): warning:  #177-D: variable "toNUC"  was declared but never referenced
    STM32_data_t toNUC;
../Src/freertos.c(415): warning:  #177-D: variable "data"  was declared but never referenced
  	unsigned char data[128];
../Src/freertos.c(417): warning:  #177-D: variable "robot_status"  was declared but never referenced
  	ext_robot_status_t robot_status;
../Src/freertos.c(735): warning:  #550-D: variable "x_s"  was set but never used
  	float x_s, y_s, r_s;
../Src/freertos.c(735): warning:  #550-D: variable "y_s"  was set but never used
  	float x_s, y_s, r_s;
../Src/freertos.c(735): warning:  #550-D: variable "r_s"  was set but never used
  	float x_s, y_s, r_s;
../Src/freertos.c: 11 warnings, 0 errors
compiling spi.c...
compiling iwdg.c...
compiling usart.c...
compiling usb_device.c...
compiling tim.c...
compiling usbd_conf.c...
compiling usbd_desc.c...
compiling pid.c...
compiling madgwick.c...
compiling MahonyAHRS.c...
compiling Kalman_Filter_c.c...
compiling stm32f4xx_it.c...
compiling usbd_cdc_if.c...
compiling stm32f4xx_hal_msp.c...
compiling stm32f4xx_hal_timebase_tim.c...
compiling RampFunc.c...
..\Algorithm\RampFunc.c(74): warning:  #1-D: last line of file ends without a newline
  }
..\Algorithm\RampFunc.c: 1 warning, 0 errors
compiling fifo.c...
compiling CRC8_CRC16.c...
../Applications/Software/referee_handle_pack.h(595): warning:  #1295-D: Deprecated declaration Required_Data - give arg types
  void Required_Data();
../Applications/Software/referee_handle_pack.h(596): warning:  #1295-D: Deprecated declaration Cap_Required_Data - give arg types
  void Cap_Required_Data();
../Applications/Software/referee_handle_pack.h(597): warning:  #1-D: last line of file ends without a newline
  #endif
..\Algorithm\CRC8_CRC16.c: 3 warnings, 0 errors
compiling AHRS_middleware.c...
compiling IMU_updata.c...
..\Applications\Hardware\IMU_updata.h(63): warning:  #1295-D: Deprecated declaration process_IMU_data - give arg types
  void process_IMU_data();
..\Applications\Hardware\IMU_updata.c(131): warning:  #1035-D: single-precision operand implicitly converted to double-precision
  	IMU_data.gyro[0]   -= (0.00452205073);
..\Applications\Hardware\IMU_updata.c(132): warning:  #1035-D: single-precision operand implicitly converted to double-precision
  	IMU_data.gyro[1]   -= (0.00557666458);
..\Applications\Hardware\IMU_updata.c(133): warning:  #1035-D: single-precision operand implicitly converted to double-precision
  	IMU_data.gyro[2]   -= (0.00478410209);
..\Applications\Hardware\IMU_updata.c(164): warning:  #1035-D: single-precision operand implicitly converted to double-precision
  	IMU_data.AHRS.err_code = AHRS_update(IMU_data.AHRS.q, (float)(Get_sys_time_ms() - last_time) * 0.001,
..\Applications\Hardware\IMU_updata.c(201): warning:  #186-D: pointless comparison of unsigned integer with zero
  	if(ccr < 0)
..\Applications\Hardware\IMU_updata.c: 6 warnings, 0 errors
compiling GPIO_output.c...
compiling LED_control.c...
compiling GPIO_input_EXTI.c...
../Applications/Software/global_status.h(71): warning:  #1295-D: Deprecated declaration Global_status_init - give arg types
  void Global_status_init();
..\Applications\Hardware\GPIO_input_EXTI.c: 1 warning, 0 errors
compiling UART_data_transmit.c...
../Applications/Software/referee_handle_pack.h(595): warning:  #1295-D: Deprecated declaration Required_Data - give arg types
  void Required_Data();
../Applications/Software/referee_handle_pack.h(596): warning:  #1295-D: Deprecated declaration Cap_Required_Data - give arg types
  void Cap_Required_Data();
../Applications/Software/referee_handle_pack.h(597): warning:  #1-D: last line of file ends without a newline
  #endif
..\Applications\Hardware\UART_data_transmit.c(95): warning:  #167-D: argument of type "char *" is incompatible with parameter of type "uint8_t *"
  			Nloop_Tof_Unpack_Data((char *)uart->rev_data, len);
..\Applications\Hardware\UART_data_transmit.c: 4 warnings, 0 errors
compiling DBUS_remote_control.c...
..\Applications\Hardware\DBUS_remote_control.c(124): warning:  #223-D: function "Error_detect_remote" declared implicitly
      Error_detect_remote();
..\Applications\Hardware\DBUS_remote_control.c(236): warning:  #223-D: function "fabs" declared implicitly
    if(fabs(RC_data_view.rc.ch[0])==0)
..\Applications\Hardware\DBUS_remote_control.c(244): warning:  #223-D: function "fabs" declared implicitly
  	if(fabs(RC_data_view.rc.ch[1])==0)
..\Applications\Hardware\DBUS_remote_control.c: 3 warnings, 0 errors
compiling CAN_receive&send.c...
..\Applications\Hardware\IMU_updata.h(63): warning:  #1295-D: Deprecated declaration process_IMU_data - give arg types
  void process_IMU_data();
..\Applications\Hardware\CAN_receive&send.c: 1 warning, 0 errors
compiling global_status.c...
..\Applications\Software\Global_status.h(71): warning:  #1295-D: Deprecated declaration Global_status_init - give arg types
  void Global_status_init();
..\Applications\Software\global_status.c: 1 warning, 0 errors
compiling Error_detect.c...
..\Applications\Software\global_status.h(71): warning:  #1295-D: Deprecated declaration Global_status_init - give arg types
  void Global_status_init();
..\Applications\Software\referee_handle_pack.h(595): warning:  #1295-D: Deprecated declaration Required_Data - give arg types
  void Required_Data();
..\Applications\Software\referee_handle_pack.h(596): warning:  #1295-D: Deprecated declaration Cap_Required_Data - give arg types
  void Cap_Required_Data();
..\Applications\Software\referee_handle_pack.h(597): warning:  #1-D: last line of file ends without a newline
  #endif
..\Applications\Software\Error_detect.c: 4 warnings, 0 errors
compiling LK_motor_process.c...
..\Applications\Hardware\LK_motor_process.c(52): warning:  #188-D: enumerated type mixed with another type
    LK_control.mode=0xA3;
..\Applications\Hardware\LK_motor_process.c: 1 warning, 0 errors
compiling USB_VirCom.c...
../Applications/Software/referee_handle_pack.h(595): warning:  #1295-D: Deprecated declaration Required_Data - give arg types
  void Required_Data();
../Applications/Software/referee_handle_pack.h(596): warning:  #1295-D: Deprecated declaration Cap_Required_Data - give arg types
  void Cap_Required_Data();
../Applications/Software/referee_handle_pack.h(597): warning:  #1-D: last line of file ends without a newline
  #endif
../Applications/Software/Global_status.h(71): warning:  #1295-D: Deprecated declaration Global_status_init - give arg types
  void Global_status_init();
..\Applications\Hardware\USB_VirCom.c: 4 warnings, 0 errors
compiling chassis_move.c...
..\Applications\Software\referee_handle_pack.h(595): warning:  #1295-D: Deprecated declaration Required_Data - give arg types
  void Required_Data();
..\Applications\Software\referee_handle_pack.h(596): warning:  #1295-D: Deprecated declaration Cap_Required_Data - give arg types
  void Cap_Required_Data();
..\Applications\Software\referee_handle_pack.h(597): warning:  #1-D: last line of file ends without a newline
  #endif
..\Applications\Software\Global_status.h(71): warning:  #1295-D: Deprecated declaration Global_status_init - give arg types
  void Global_status_init();
..\Applications\Software\chassis_move.c(173): warning:  #188-D: enumerated type mixed with another type
          float speed_rpm = get_motor_data(i).speed_rpm;
..\Applications\Software\chassis_move.c(348): warning:  #1035-D: single-precision operand implicitly converted to double-precision
  		chassis.wheel_current[FR] = pid_cal(&motor_speed[FR], (get_motor_data(chassis_FR).speed_rpm)/19.0f*0.104719755*WHEEL_RADIUS, wheel_mps[FR]);
..\Applications\Software\chassis_move.c(349): warning:  #1035-D: single-precision operand implicitly converted to double-precision
     		chassis.wheel_current[BR] = pid_cal(&motor_speed[BR], (get_motor_data(chassis_BR).speed_rpm)/19.0f*0.104719755*WHEEL_RADIUS, wheel_mps[BR]);
..\Applications\Software\chassis_move.c(350): warning:  #1035-D: single-precision operand implicitly converted to double-precision
  		chassis.wheel_current[FL] = pid_cal(&motor_speed[FL], (get_motor_data(chassis_FL).speed_rpm)/19.0f*0.104719755*WHEEL_RADIUS, wheel_mps[FL]);
..\Applications\Software\chassis_move.c(351): warning:  #1035-D: single-precision operand implicitly converted to double-precision
  		chassis.wheel_current[BL] = pid_cal(&motor_speed[BL], (get_motor_data(chassis_BL).speed_rpm)/19.0f*0.104719755*WHEEL_RADIUS, wheel_mps[BL]);
..\Applications\Software\chassis_move.c: 9 warnings, 0 errors
compiling Stm32_time.c...
compiling cap_ctl.c...
compiling gimbal.c...
"no source": Error:  #219: error while deleting file "rmc_adam_generalrobotsystemcode\gimbal.d": Permission denied
..\Applications\Software\gimbal.c: 0 warnings, 1 error
compiling PWM_control.c...
compiling shoot.c...
..\Applications\Software\Global_status.h(71): warning:  #1295-D: Deprecated declaration Global_status_init - give arg types
  void Global_status_init();
..\Applications\Software\referee_handle_pack.h(595): warning:  #1295-D: Deprecated declaration Required_Data - give arg types
  void Required_Data();
..\Applications\Software\referee_handle_pack.h(596): warning:  #1295-D: Deprecated declaration Cap_Required_Data - give arg types
  void Cap_Required_Data();
..\Applications\Software\referee_handle_pack.h(597): warning:  #1-D: last line of file ends without a newline
  #endif
..\Applications\Software\shoot.c: 4 warnings, 0 errors
compiling NUC_communication.c...
..\Applications\Software\referee_handle_pack.h(595): warning:  #1295-D: Deprecated declaration Required_Data - give arg types
  void Required_Data();
..\Applications\Software\referee_handle_pack.h(596): warning:  #1295-D: Deprecated declaration Cap_Required_Data - give arg types
  void Cap_Required_Data();
..\Applications\Software\referee_handle_pack.h(597): warning:  #1-D: last line of file ends without a newline
  #endif
..\Applications\Software\NUC_communication.c: 3 warnings, 0 errors
compiling vofa.c...
Fatal error: C3904U: Could not open via file 'rmc_adam_generalrobotsystemcode\vofa.__i'.
compiling referee_handle_pack.c...
..\Applications\Software\referee_handle_pack.h(595): warning:  #1295-D: Deprecated declaration Required_Data - give arg types
  void Required_Data();
..\Applications\Software\referee_handle_pack.h(596): warning:  #1295-D: Deprecated declaration Cap_Required_Data - give arg types
  void Cap_Required_Data();
..\Applications\Software\referee_handle_pack.h(597): warning:  #1-D: last line of file ends without a newline
  #endif
..\Applications\Software\referee_handle_pack.c: 3 warnings, 0 errors
compiling Stxxid-Data-Transmission.c...
compiling BMI088driver.c...
Fatal error: C3904U: Could not open via file 'rmc_adam_generalrobotsystemcode\bmi088driver.__i'.
compiling BMI088Middleware.c...
Fatal error: C3904U: Could not open via file 'rmc_adam_generalrobotsystemcode\bmi088middleware.__i'.
compiling ist8310driver.c...
Fatal error: C3904U: Could not open via file 'rmc_adam_generalrobotsystemcode\ist8310driver.__i'.
compiling control_setting.c...
..\Applications\Software\referee_handle_pack.h(595): warning:  #1295-D: Deprecated declaration Required_Data - give arg types
  void Required_Data();
..\Applications\Software\referee_handle_pack.h(596): warning:  #1295-D: Deprecated declaration Cap_Required_Data - give arg types
  void Cap_Required_Data();
..\Applications\Software\referee_handle_pack.h(597): warning:  #1-D: last line of file ends without a newline
  #endif
..\Applications\Software\Global_status.h(71): warning:  #1295-D: Deprecated declaration Global_status_init - give arg types
  void Global_status_init();
..\Applications\Software\control_setting.c(533): warning:  #174-D: expression has no effect
  			{gimbal.small_pitch.target == 2;}
..\Applications\Software\control_setting.c(535): warning:  #174-D: expression has no effect
  			{gimbal.small_pitch.target == 0;}
..\Applications\Software\control_setting.c: 6 warnings, 0 errors
compiling referee_usart_task.c...
..\Applications\Software\referee_handle_pack.h(595): warning:  #1295-D: Deprecated declaration Required_Data - give arg types
  void Required_Data();
..\Applications\Software\referee_handle_pack.h(596): warning:  #1295-D: Deprecated declaration Cap_Required_Data - give arg types
  void Cap_Required_Data();
..\Applications\Software\referee_handle_pack.h(597): warning:  #1-D: last line of file ends without a newline
  #endif
..\Applications\Software\referee_usart_task.c: 3 warnings, 0 errors
compiling nlink_tofsense_frame0.c...
Fatal error: C3904U: Could not open via file 'rmc_adam_generalrobotsystemcode\nlink_tofsense_frame0.__i'.
compiling ist8310driver_middleware.c...
Fatal error: C3904U: Could not open via file 'rmc_adam_generalrobotsystemcode\ist8310driver_middleware.__i'.
assembling startup_stm32f407xx.s...
startup_stm32f407xx.s: error: A3904U: Could not open via file 'rmc_adam_generalrobotsystemcode\startup_stm32f407xx._ia'.
compiling nlink_utils.c...
Fatal error: C3904U: Could not open via file 'rmc_adam_generalrobotsystemcode\nlink_utils.__i'.
compiling nloop_middlewares.c...
Fatal error: C3904U: Could not open via file 'rmc_adam_generalrobotsystemcode\nloop_middlewares.__i'.
compiling system_stm32f4xx.c...
Fatal error: C3904U: Could not open via file 'rmc_adam_generalrobotsystemcode\system_stm32f4xx.__i'.
compiling RM_Cilent_UI.c...
..\Applications\Software\referee_handle_pack.h(595): warning:  #1295-D: Deprecated declaration Required_Data - give arg types
  void Required_Data();
..\Applications\Software\referee_handle_pack.h(596): warning:  #1295-D: Deprecated declaration Cap_Required_Data - give arg types
  void Cap_Required_Data();
..\Applications\Software\referee_handle_pack.h(597): warning:  #1-D: last line of file ends without a newline
  #endif
..\Applications\Software\Global_status.h(71): warning:  #1295-D: Deprecated declaration Global_status_init - give arg types
  void Global_status_init();
..\Applications\Software\RM_Cilent_UI.c(82): warning:  #177-D: variable "lean_arr"  was declared but never referenced
     char lean_arr[4]   = "lean";
..\Applications\Software\RM_Cilent_UI.c(83): warning:  #177-D: variable "spin_arr"  was declared but never referenced
     char spin_arr[4]   = "spin";
..\Applications\Software\RM_Cilent_UI.c(84): warning:  #177-D: variable "tank_arr"  was declared but never referenced
     char tank_arr[4]   = "tank";
..\Applications\Software\RM_Cilent_UI.c(187): warning:  #1035-D: single-precision operand implicitly converted to double-precision
     Line_Draw(&G20, "020", UI_Graph_Change, 3, UI_Color_Pink, 2, 1200 + 40 * Root_2 * cosf(-degree2rad(angle + 276.5f)), 50 + 40 * Root_2 * sinf(-degree2rad(angle + 276.5f)), 1200 + 40 * Root_2 * cosf(-degree2rad(angle + 186.5)), 50 + 40 * Root_2 * sinf(-degree2rad(angle + 186.5)));
..\Applications\Software\RM_Cilent_UI.c(187): warning:  #1035-D: single-precision operand implicitly converted to double-precision
     Line_Draw(&G20, "020", UI_Graph_Change, 3, UI_Color_Pink, 2, 1200 + 40 * Root_2 * cosf(-degree2rad(angle + 276.5f)), 50 + 40 * Root_2 * sinf(-degree2rad(angle + 276.5f)), 1200 + 40 * Root_2 * cosf(-degree2rad(angle + 186.5)), 50 + 40 * Root_2 * sinf(-degree2rad(angle + 186.5)));
..\Applications\Software\RM_Cilent_UI.c: 9 warnings, 0 errors
compiling event_groups.c...
Fatal error: C3904U: Could not open via file 'rmc_adam_generalrobotsystemcode\event_groups.__i'.
compiling croutine.c...
Fatal error: C3904U: Could not open via file 'rmc_adam_generalrobotsystemcode\croutine.__i'.
compiling list.c...
Fatal error: C3904U: Could not open via file 'rmc_adam_generalrobotsystemcode\list.__i'.
compiling queue.c...
Fatal error: C3904U: Could not open via file 'rmc_adam_generalrobotsystemcode\queue.__i'.
compiling stream_buffer.c...
Fatal error: C3904U: Could not open via file 'rmc_adam_generalrobotsystemcode\stream_buffer.__i'.
compiling tasks.c...
Fatal error: C3904U: Could not open via file 'rmc_adam_generalrobotsystemcode\tasks.__i'.
compiling heap_4.c...
Fatal error: C3904U: Could not open via file 'rmc_adam_generalrobotsystemcode\heap_4.__i'.
compiling timers.c...
Fatal error: C3904U: Could not open via file 'rmc_adam_generalrobotsystemcode\timers.__i'.
compiling cmsis_os2.c...
Fatal error: C3904U: Could not open via file 'rmc_adam_generalrobotsystemcode\cmsis_os2.__i'.
compiling stm32f4xx_hal_pcd.c...
Fatal error: C3904U: Could not open via file 'rmc_adam_generalrobotsystemcode\stm32f4xx_hal_pcd.__i'.
compiling port.c...
Fatal error: C3904U: Could not open via file 'rmc_adam_generalrobotsystemcode\port.__i'.
compiling stm32f4xx_hal_pcd_ex.c...
Fatal error: C3904U: Could not open via file 'rmc_adam_generalrobotsystemcode\stm32f4xx_hal_pcd_ex.__i'.
compiling stm32f4xx_ll_usb.c...
Fatal error: C3904U: Could not open via file 'rmc_adam_generalrobotsystemcode\stm32f4xx_ll_usb.__i'.
compiling stm32f4xx_hal_rcc.c...
Fatal error: C3904U: Could not open via file 'rmc_adam_generalrobotsystemcode\stm32f4xx_hal_rcc.__i'.
compiling stm32f4xx_hal_rcc_ex.c...
Fatal error: C3904U: Could not open via file 'rmc_adam_generalrobotsystemcode\stm32f4xx_hal_rcc_ex.__i'.
compiling stm32f4xx_hal_flash.c...
Fatal error: C3904U: Could not open via file 'rmc_adam_generalrobotsystemcode\stm32f4xx_hal_flash.__i'.
compiling stm32f4xx_hal_flash_ex.c...
Fatal error: C3904U: Could not open via file 'rmc_adam_generalrobotsystemcode\stm32f4xx_hal_flash_ex.__i'.
compiling stm32f4xx_hal_flash_ramfunc.c...
Fatal error: C3904U: Could not open via file 'rmc_adam_generalrobotsystemcode\stm32f4xx_hal_flash_ramfunc.__i'.
compiling stm32f4xx_hal_dma_ex.c...
Fatal error: C3904U: Could not open via file 'rmc_adam_generalrobotsystemcode\stm32f4xx_hal_dma_ex.__i'.
compiling stm32f4xx_hal_gpio.c...
Fatal error: C3904U: Could not open via file 'rmc_adam_generalrobotsystemcode\stm32f4xx_hal_gpio.__i'.
compiling stm32f4xx_hal_pwr_ex.c...
Fatal error: C3904U: Could not open via file 'rmc_adam_generalrobotsystemcode\stm32f4xx_hal_pwr_ex.__i'.
compiling stm32f4xx_hal_dma.c...
Fatal error: C3904U: Could not open via file 'rmc_adam_generalrobotsystemcode\stm32f4xx_hal_dma.__i'.
compiling stm32f4xx_hal_pwr.c...
Fatal error: C3904U: Could not open via file 'rmc_adam_generalrobotsystemcode\stm32f4xx_hal_pwr.__i'.
compiling stm32f4xx_hal_cortex.c...
Fatal error: C3904U: Could not open via file 'rmc_adam_generalrobotsystemcode\stm32f4xx_hal_cortex.__i'.
compiling stm32f4xx_hal_exti.c...
Fatal error: C3904U: Could not open via file 'rmc_adam_generalrobotsystemcode\stm32f4xx_hal_exti.__i'.
compiling stm32f4xx_hal.c...
Fatal error: C3904U: Could not open via file 'rmc_adam_generalrobotsystemcode\stm32f4xx_hal.__i'.
compiling stm32f4xx_hal_can.c...
Fatal error: C3904U: Could not open via file 'rmc_adam_generalrobotsystemcode\stm32f4xx_hal_can.__i'.
compiling stm32f4xx_hal_crc.c...
Fatal error: C3904U: Could not open via file 'rmc_adam_generalrobotsystemcode\stm32f4xx_hal_crc.__i'.
compiling stm32f4xx_hal_i2c_ex.c...
Fatal error: C3904U: Could not open via file 'rmc_adam_generalrobotsystemcode\stm32f4xx_hal_i2c_ex.__i'.
compiling stm32f4xx_hal_i2c.c...
Fatal error: C3904U: Could not open via file 'rmc_adam_generalrobotsystemcode\stm32f4xx_hal_i2c.__i'.
compiling stm32f4xx_hal_tim.c...
Fatal error: C3904U: Could not open via file 'rmc_adam_generalrobotsystemcode\stm32f4xx_hal_tim.__i'.
compiling stm32f4xx_hal_spi.c...
Fatal error: C3904U: Could not open via file 'rmc_adam_generalrobotsystemcode\stm32f4xx_hal_spi.__i'.
compiling stm32f4xx_hal_iwdg.c...
Fatal error: C3904U: Could not open via file 'rmc_adam_generalrobotsystemcode\stm32f4xx_hal_iwdg.__i'.
compiling stm32f4xx_hal_tim_ex.c...
Fatal error: C3904U: Could not open via file 'rmc_adam_generalrobotsystemcode\stm32f4xx_hal_tim_ex.__i'.
compiling stm32f4xx_hal_uart.c...
Fatal error: C3904U: Could not open via file 'rmc_adam_generalrobotsystemcode\stm32f4xx_hal_uart.__i'.
compiling usbd_core.c...
Fatal error: C3904U: Could not open via file 'rmc_adam_generalrobotsystemcode\usbd_core.__i'.
compiling usbd_ctlreq.c...
Fatal error: C3904U: Could not open via file 'rmc_adam_generalrobotsystemcode\usbd_ctlreq.__i'.
compiling usbd_ioreq.c...
Fatal error: C3904U: Could not open via file 'rmc_adam_generalrobotsystemcode\usbd_ioreq.__i'.
compiling usbd_cdc.c...
Fatal error: C3904U: Could not open via file 'rmc_adam_generalrobotsystemcode\usbd_cdc.__i'.
"RMc_adam_GeneralRobotSystemCode\RMc_adam_GeneralRobotSystemCode.axf" - 50 Error(s), 81 Warning(s).
Target not created.
Build Time Elapsed:  00:01:38
